// Jest Snapshot v1, https://goo.gl/fbAQLP

exports[`should get container set via a new API 1`] = `
{
  "aCont": {
    "a1": {},
    "a2": {
      "a1": {},
    },
    "a3": {
      "a1": {},
      "a2": {
        "a1": {},
      },
    },
  },
  "bCont": {
    "b1": {
      "a2": {
        "a1": {},
      },
    },
    "b2": {
      "a1": {},
    },
  },
}
`;

exports[`should get two containers that are async 1`] = `
{
  "aCont": {
    "a1": {},
    "a2": {
      "a1": {},
    },
    "a3": {
      "a1": {},
      "a2": {
        "a1": {},
      },
    },
  },
  "bCont": {
    "b1": {
      "a2": {
        "a1": {},
      },
    },
    "b2": {
      "a1": {},
    },
  },
}
`;
